// Jest Snapshot v1, https://goo.gl/fbAQLP

exports[`<Backdrop /> expect to match snapshot 1`] = `ShallowWrapper {}`;
